// Jest Snapshot v1, https://goo.gl/fbAQLP

exports[`SearchForm rendering 1`] = `"<div class=\\"container\\"><form class=\\"mb-5\\"><div class=\\"input-group\\"><input type=\\"text\\" placeholder=\\"Search ...\\" class=\\"form-control\\"> <div class=\\"input-group-append\\"><button type=\\"button\\" class=\\"btn btn-outline-secondary\\"><i class=\\"fas fa-search\\"></i></button></div></div></form></div>"`;
